#test 

>>> BaseGeometry = __import__('7-base_geometry').BaseGeometry

>>> b = BaseGeometry()

>>> b.integer_validator("n", 0)
Traceback (most recent call last):
...
ValueError: n must be greater than 0

>>> b.integer_validator("n", "")
Traceback (most recent call last):
...
TypeError: n must be an integer

>>> b.integer_validator("n", 5)

>>> b.area()
Traceback (most recent call last):
...
Exception: area() is not implemented